[    0.000000] Initializing cgroup subsys cpuset
[    0.000000] Initializing cgroup subsys cpu
[    0.000000] Initializing cgroup subsys cpuacct
[    0.000000] Linux version 4.4.0-96-generic (buildd@lgw01-10) (gcc version 5.4.0 20160609 (Ubuntu 5.4.0-6ubuntu1~16.04.4) ) #119-Ubuntu SMP Tue Sep 12 14:59:54 UTC 2017 (Ubuntu 4.4.0-96.119-generic 4.4.83)
[    0.000000] Command line: BOOT_IMAGE=/boot/vmlinuz-4.4.0-96-generic root=LABEL=cloudimg-rootfs ro console=tty1 console=ttyS0
[    0.000000] KERNEL supported cpus:
[    0.000000]   Intel GenuineIntel
[    0.000000]   AMD AuthenticAMD
[    0.000000]   Centaur CentaurHauls
[    0.000000] x86/fpu: xstate_offset[2]:  576, xstate_sizes[2]:  256
[    0.000000] x86/fpu: Supporting XSAVE feature 0x01: 'x87 floating point registers'
[    0.000000] x86/fpu: Supporting XSAVE feature 0x02: 'SSE registers'
[    0.000000] x86/fpu: Supporting XSAVE feature 0x04: 'AVX registers'
[    0.000000] x86/fpu: Enabled xstate features 0x7, context size is 832 bytes, using 'standard' format.
[    0.000000] x86/fpu: Using 'lazy' FPU context switches.
[    0.000000] e820: BIOS-provided physical RAM map:
[    0.000000] BIOS-e820: [mem 0x0000000000000000-0x000000000009fbff] usable
[    0.000000] BIOS-e820: [mem 0x000000000009fc00-0x000000000009ffff] reserved
[    0.000000] BIOS-e820: [mem 0x00000000000f0000-0x00000000000fffff] reserved
[    0.000000] BIOS-e820: [mem 0x0000000000100000-0x000000003ffeffff] usable
[    0.000000] BIOS-e820: [mem 0x000000003fff0000-0x000000003fffffff] ACPI data
[    0.000000] BIOS-e820: [mem 0x00000000fec00000-0x00000000fec00fff] reserved
[    0.000000] BIOS-e820: [mem 0x00000000fee00000-0x00000000fee00fff] reserved
[    0.000000] BIOS-e820: [mem 0x00000000fffc0000-0x00000000ffffffff] reserved
[    0.000000] NX (Execute Disable) protection: active
[    0.000000] SMBIOS 2.5 present.
[    0.000000] Hypervisor detected: KVM
[    0.000000] e820: last_pfn = 0x3fff0 max_arch_pfn = 0x400000000
[    0.000000] MTRR: Disabled
[    0.000000] x86/PAT: MTRRs disabled, skipping PAT initialization too.
[    0.000000] CPU MTRRs all blank - virtualized system.
[    0.000000] x86/PAT: Configuration [0-7]: WB  WT  UC- UC  WB  WT  UC- UC  
[    0.000000] found SMP MP-table at [mem 0x0009fff0-0x0009ffff] mapped at [ffff88000009fff0]
[    0.000000] Scanning 1 areas for low memory corruption
[    0.000000] RAMDISK: [mem 0x36abe000-0x37556fff]
[    0.000000] ACPI: Early table checksum verification disabled
[    0.000000] ACPI: RSDP 0x00000000000E0000 000024 (v02 VBOX  )
[    0.000000] ACPI: XSDT 0x000000003FFF0030 00003C (v01 VBOX   VBOXXSDT 00000001 ASL  00000061)
[    0.000000] ACPI: FACP 0x000000003FFF00F0 0000F4 (v04 VBOX   VBOXFACP 00000001 ASL  00000061)
[    0.000000] ACPI: DSDT 0x000000003FFF0480 0021FF (v02 VBOX   VBOXBIOS 00000002 INTL 20160108)
[    0.000000] ACPI: FACS 0x000000003FFF0200 000040
[    0.000000] ACPI: FACS 0x000000003FFF0200 000040
[    0.000000] ACPI: APIC 0x000000003FFF0240 00006C (v02 VBOX   VBOXAPIC 00000001 ASL  00000061)
[    0.000000] ACPI: SSDT 0x000000003FFF02B0 0001CC (v01 VBOX   VBOXCPUT 00000002 INTL 20160108)
[    0.000000] No NUMA configuration found
[    0.000000] Faking a node at [mem 0x0000000000000000-0x000000003ffeffff]
[    0.000000] NODE_DATA(0) allocated [mem 0x3ffeb000-0x3ffeffff]
[    0.000000] kvm-clock: Using msrs 4b564d01 and 4b564d00
[    0.000000] kvm-clock: cpu 0, msr 0:3ffe3001, primary cpu clock
[    0.000000] kvm-clock: using sched offset of 6242141394 cycles
[    0.000000] clocksource: kvm-clock: mask: 0xffffffffffffffff max_cycles: 0x1cd42e4dffb, max_idle_ns: 881590591483 ns
[    0.000000] Zone ranges:
[    0.000000]   DMA      [mem 0x0000000000001000-0x0000000000ffffff]
[    0.000000]   DMA32    [mem 0x0000000001000000-0x000000003ffeffff]
[    0.000000]   Normal   empty
[    0.000000]   Device   empty
[    0.000000] Movable zone start for each node
[    0.000000] Early memory node ranges
[    0.000000]   node   0: [mem 0x0000000000001000-0x000000000009efff]
[    0.000000]   node   0: [mem 0x0000000000100000-0x000000003ffeffff]
[    0.000000] Initmem setup node 0 [mem 0x0000000000001000-0x000000003ffeffff]
[    0.000000] ACPI: PM-Timer IO Port: 0x4008
[    0.000000] IOAPIC[0]: apic_id 4, version 32, address 0xfec00000, GSI 0-23
[    0.000000] ACPI: INT_SRC_OVR (bus 0 bus_irq 0 global_irq 2 dfl dfl)
[    0.000000] ACPI: INT_SRC_OVR (bus 0 bus_irq 9 global_irq 9 high level)
[    0.000000] Using ACPI (MADT) for SMP configuration information
[    0.000000] smpboot: Allowing 4 CPUs, 0 hotplug CPUs
[    0.000000] PM: Registered nosave memory: [mem 0x00000000-0x00000fff]
[    0.000000] PM: Registered nosave memory: [mem 0x0009f000-0x0009ffff]
[    0.000000] PM: Registered nosave memory: [mem 0x000a0000-0x000effff]
[    0.000000] PM: Registered nosave memory: [mem 0x000f0000-0x000fffff]
[    0.000000] e820: [mem 0x40000000-0xfebfffff] available for PCI devices
[    0.000000] Booting paravirtualized kernel on KVM
[    0.000000] clocksource: refined-jiffies: mask: 0xffffffff max_cycles: 0xffffffff, max_idle_ns: 7645519600211568 ns
[    0.000000] setup_percpu: NR_CPUS:512 nr_cpumask_bits:512 nr_cpu_ids:4 nr_node_ids:1
[    0.000000] PERCPU: Embedded 34 pages/cpu @ffff88003fc00000 s98328 r8192 d32744 u524288
[    0.000000] PV qspinlock hash table entries: 256 (order: 0, 4096 bytes)
[    0.000000] Built 1 zonelists in Node order, mobility grouping on.  Total pages: 257913
[    0.000000] Policy zone: DMA32
[    0.000000] Kernel command line: BOOT_IMAGE=/boot/vmlinuz-4.4.0-96-generic root=LABEL=cloudimg-rootfs ro console=tty1 console=ttyS0
[    0.000000] PID hash table entries: 4096 (order: 3, 32768 bytes)
[    0.000000] Memory: 1001440K/1048120K available (8479K kernel code, 1294K rwdata, 3984K rodata, 1492K init, 1316K bss, 46680K reserved, 0K cma-reserved)
[    0.000000] SLUB: HWalign=64, Order=0-3, MinObjects=0, CPUs=4, Nodes=1
[    0.000000] Hierarchical RCU implementation.
[    0.000000] 	Build-time adjustment of leaf fanout to 64.
[    0.000000] 	RCU restricting CPUs from NR_CPUS=512 to nr_cpu_ids=4.
[    0.000000] RCU: Adjusting geometry for rcu_fanout_leaf=64, nr_cpu_ids=4
[    0.000000] NR_IRQS:33024 nr_irqs:456 16
[    0.000000] Console: colour VGA+ 80x25
[    0.000000] console [tty1] enabled
[    0.000000] console [ttyS0] enabled
[    0.000000] tsc: Detected 2793.654 MHz processor
[    1.412915] Calibrating delay loop (skipped) preset value.. 5587.30 BogoMIPS (lpj=11174616)
[    1.437295] pid_max: default: 32768 minimum: 301
[    1.447586] ACPI: Core revision 20150930
[    1.457513] ACPI: 2 ACPI AML tables successfully acquired and loaded
[    1.472555] Security Framework initialized
[    1.481891] Yama: becoming mindful.
[    1.490437] AppArmor: AppArmor initialized
[    1.499762] Dentry cache hash table entries: 131072 (order: 8, 1048576 bytes)
[    1.513944] Inode-cache hash table entries: 65536 (order: 7, 524288 bytes)
[    1.529426] Mount-cache hash table entries: 2048 (order: 2, 16384 bytes)
[    1.542808] Mountpoint-cache hash table entries: 2048 (order: 2, 16384 bytes)
[    1.556765] Initializing cgroup subsys io
[    1.565974] Initializing cgroup subsys memory
[    1.575650] Initializing cgroup subsys devices
[    1.585407] Initializing cgroup subsys freezer
[    1.595344] Initializing cgroup subsys net_cls
[    1.605259] Initializing cgroup subsys perf_event
[    1.615552] Initializing cgroup subsys net_prio
[    1.625437] Initializing cgroup subsys hugetlb
[    1.635231] Initializing cgroup subsys pids
[    1.645306] CPU: Physical Processor ID: 0
[    1.654532] CPU: Processor Core ID: 0
[    1.663443] mce: CPU supports 0 MCE banks
[    1.672797] Last level iTLB entries: 4KB 512, 2MB 8, 4MB 8
[    1.684372] Last level dTLB entries: 4KB 512, 2MB 32, 4MB 32, 1GB 0
[    1.712660] Freeing SMP alternatives memory: 32K
[    1.786426] ftrace: allocating 32146 entries in 126 pages
[    2.085146] smpboot: APIC(0) Converting physical 0 to logical package 0
[    2.098434] smpboot: Max logical packages: 1
[    2.110987] x2apic enabled
[    2.120921] Switched APIC routing to physical x2apic.
[    2.144018] ..TIMER: vector=0x30 apic1=0 pin1=2 apic2=-1 pin2=-1
[    2.263449] smpboot: CPU0: Intel(R) Core(TM) i5-2300 CPU @ 2.80GHz (family: 0x6, model: 0x2a, stepping: 0x7)
[    2.286658] Performance Events: unsupported p6 CPU model 42 no PMU driver, software events only.
[    2.308627] KVM setup paravirtual spinlock
[    2.318931] x86: Booting SMP configuration:
[    2.328200] .... node  #0, CPUs:      #1
[    2.340768] kvm-clock: cpu 1, msr 0:3ffe3041, secondary cpu clock
[    2.355083] mce: CPU supports 0 MCE banks
[    2.363515]  #2
[    2.368621] kvm-clock: cpu 2, msr 0:3ffe3081, secondary cpu clock
[    2.380738] mce: CPU supports 0 MCE banks
[    2.388029]  #3
[    2.393124] kvm-clock: cpu 3, msr 0:3ffe30c1, secondary cpu clock
[    2.402321] mce: CPU supports 0 MCE banks
[    2.409746] x86: Booted up 1 node, 4 CPUs
[    2.421172] smpboot: Total of 4 processors activated (22349.23 BogoMIPS)
[    2.440374] devtmpfs: initialized
[    2.450356] evm: security.selinux
[    2.458578] evm: security.SMACK64
[    2.466791] evm: security.SMACK64EXEC
[    2.475495] evm: security.SMACK64TRANSMUTE
[    2.484831] evm: security.SMACK64MMAP
[    2.493500] evm: security.ima
[    2.501095] evm: security.capability
[    2.510211] clocksource: jiffies: mask: 0xffffffff max_cycles: 0xffffffff, max_idle_ns: 7645041785100000 ns
[    2.532251] futex hash table entries: 1024 (order: 4, 65536 bytes)
[    2.545188] pinctrl core: initialized pinctrl subsystem
[    2.556689] RTC time: 12:07:27, date: 10/10/17
[    2.567434] NET: Registered protocol family 16
[    2.587073] cpuidle: using governor ladder
[    2.607271] cpuidle: using governor menu
[    2.616367] PCCT header not found.
[    2.624780] ACPI: bus type PCI registered
[    2.633989] acpiphp: ACPI Hot Plug PCI Controller Driver version: 0.5
[    2.647455] PCI: Using configuration type 1 for base access
[    2.673822] ACPI: Added _OSI(Module Device)
[    2.689762] ACPI: Added _OSI(Processor Device)
[    2.699630] ACPI: Added _OSI(3.0 _SCP Extensions)
[    2.709833] ACPI: Added _OSI(Processor Aggregator Device)
[    2.737694] ACPI: Executed 1 blocks of module-level executable AML code
[    2.756874] ACPI: Interpreter enabled
[    2.765593] ACPI: (supports S0 S5)
[    2.773892] ACPI: Using IOAPIC for interrupt routing
[    2.790875] PCI: Using host bridge windows from ACPI; if necessary, use "pci=nocrs" and report a bug
[    2.825022] ACPI: PCI Root Bridge [PCI0] (domain 0000 [bus 00-ff])
[    2.837514] acpi PNP0A03:00: _OSC: OS supports [ASPM ClockPM Segments MSI]
[    2.851084] acpi PNP0A03:00: _OSC: not requesting OS control; OS requires [ExtendedConfig ASPM ClockPM MSI]
[    2.871203] acpi PNP0A03:00: fail to add MMCONFIG information, can't access extended PCI configuration space under this bridge.
[    2.895578] PCI host bridge to bus 0000:00
[    2.904888] pci_bus 0000:00: root bus resource [io  0x0000-0x0cf7 window]
[    2.918247] pci_bus 0000:00: root bus resource [io  0x0d00-0xffff window]
[    2.931633] pci_bus 0000:00: root bus resource [mem 0x000a0000-0x000bffff window]
[    2.949662] pci_bus 0000:00: root bus resource [mem 0x40000000-0xffdfffff window]
[    2.971655] pci_bus 0000:00: root bus resource [bus 00-ff]
[    3.000502] pci 0000:00:01.1: legacy IDE quirk: reg 0x10: [io  0x01f0-0x01f7]
[    3.014378] pci 0000:00:01.1: legacy IDE quirk: reg 0x14: [io  0x03f6]
[    3.027430] pci 0000:00:01.1: legacy IDE quirk: reg 0x18: [io  0x0170-0x0177]
[    3.041324] pci 0000:00:01.1: legacy IDE quirk: reg 0x1c: [io  0x0376]
[    3.176488] pci 0000:00:07.0: quirk: [io  0x4000-0x403f] claimed by PIIX4 ACPI
[    3.194221] pci 0000:00:07.0: quirk: [io  0x4100-0x410f] claimed by PIIX4 SMB
[    3.293974] ACPI: PCI Interrupt Link [LNKA] (IRQs 5 9 10 *11)
[    3.423031] ACPI: PCI Interrupt Link [LNKB] (IRQs 5 9 10 *11)
[    3.441557] ACPI: PCI Interrupt Link [LNKC] (IRQs 5 9 *10 11)
[    3.460100] ACPI: PCI Interrupt Link [LNKD] (IRQs 5 *9 10 11)
[    3.480283] ACPI: Enabled 2 GPEs in block 00 to 07
[    3.495744] vgaarb: setting as boot device: PCI:0000:00:02.0
[    3.507415] vgaarb: device added: PCI:0000:00:02.0,decodes=io+mem,owns=io+mem,locks=none
[    3.524934] vgaarb: loaded
[    3.532383] vgaarb: bridge control possible 0000:00:02.0
[    3.550053] SCSI subsystem initialized
[    3.559920] ACPI: bus type USB registered
[    3.569290] usbcore: registered new interface driver usbfs
[    3.580713] usbcore: registered new interface driver hub
[    3.592030] usbcore: registered new device driver usb
[    3.614799] PCI: Using ACPI for IRQ routing
[    3.628009] NetLabel: Initializing
[    3.636446] NetLabel:  domain hash size = 128
[    3.646215] NetLabel:  protocols = UNLABELED CIPSOv4
[    3.657021] NetLabel:  unlabeled traffic allowed by default
[    3.669327] amd_nb: Cannot enumerate AMD northbridges
[    3.680506] clocksource: Switched to clocksource kvm-clock
[    3.707015] AppArmor: AppArmor Filesystem Enabled
[    3.722793] pnp: PnP ACPI init
[    3.734577] pnp: PnP ACPI: found 3 devices
[    3.773611] clocksource: acpi_pm: mask: 0xffffff max_cycles: 0xffffff, max_idle_ns: 2085701024 ns
[    3.799056] NET: Registered protocol family 2
[    3.813821] TCP established hash table entries: 8192 (order: 4, 65536 bytes)
[    3.829195] TCP bind hash table entries: 8192 (order: 5, 131072 bytes)
[    3.843582] TCP: Hash tables configured (established 8192 bind 8192)
[    3.857826] UDP hash table entries: 512 (order: 2, 16384 bytes)
[    3.872278] UDP-Lite hash table entries: 512 (order: 2, 16384 bytes)
[    3.886499] NET: Registered protocol family 1
[    3.900177] pci 0000:00:00.0: Limiting direct PCI/PCI transfers
[    3.913788] pci 0000:00:01.0: Activating ISA DMA hang workarounds
[    3.928825] Unpacking initramfs...
[    6.238289] Freeing initrd memory: 10852K
[    6.248313] RAPL PMU detected, API unit is 2^-32 Joules, 3 fixed counters 10737418240 ms ovfl timer
[    6.269194] hw unit of domain pp0-core 2^-0 Joules
[    6.280765] hw unit of domain package 2^-0 Joules
[    6.292271] hw unit of domain pp1-gpu 2^-0 Joules
[    6.304315] platform rtc_cmos: registered platform RTC device (no PNP device found)
[    6.323099] Scanning for low memory corruption every 60 seconds
[    6.339438] audit: initializing netlink subsys (disabled)
[    6.352097] audit: type=2000 audit(1507637257.044:1): initialized
[    6.371439] Initialise system trusted keyring
[    6.383629] HugeTLB registered 2 MB page size, pre-allocated 0 pages
[    6.400053] zbud: loaded
[    6.408811] VFS: Disk quotas dquot_6.6.0
[    6.419028] VFS: Dquot-cache hash table entries: 512 (order 0, 4096 bytes)
[    6.434386] squashfs: version 4.0 (2009/01/31) Phillip Lougher
[    6.448835] fuse init (API version 7.23)
[    6.459712] Key type big_key registered
[    6.469656] Allocating IMA MOK and blacklist keyrings.
[    6.490178] Key type asymmetric registered
[    6.511390] Asymmetric key parser 'x509' registered
[    6.538013] Block layer SCSI generic (bsg) driver version 0.4 loaded (major 249)
[    6.559469] io scheduler noop registered
[    6.579998] io scheduler deadline registered (default)
[    6.592467] io scheduler cfq registered
[    6.608644] pci_hotplug: PCI Hot Plug PCI Core version: 0.5
[    6.626697] pciehp: PCI Express Hot Plug Controller Driver version: 0.4
[    6.640602] ACPI: AC Adapter [AC] (on-line)
[    6.657815] input: Power Button as /devices/LNXSYSTM:00/LNXPWRBN:00/input/input0
[    6.676017] ACPI: Power Button [PWRF]
[    6.689573] input: Sleep Button as /devices/LNXSYSTM:00/LNXSLPBN:00/input/input1
[    6.706824] ACPI: Sleep Button [SLPF]
[    6.716735] GHES: HEST is not enabled!
[    6.730471] Serial: 8250/16550 driver, 32 ports, IRQ sharing enabled
[    6.789046] 00:02: ttyS0 at I/O 0x3f8 (irq = 4, base_baud = 115200) is a 16550A
[    6.818249] Linux agpgart interface v0.103
[    6.836398] loop: module loaded
[    6.847605] scsi host0: ata_piix
[    6.856904] scsi host1: ata_piix
[    6.867497] ata1: PATA max UDMA/33 cmd 0x1f0 ctl 0x3f6 bmdma 0xd000 irq 14
[    6.881617] ata2: PATA max UDMA/33 cmd 0x170 ctl 0x376 bmdma 0xd008 irq 15
[    6.896040] libphy: Fixed MDIO Bus: probed
[    6.908002] tun: Universal TUN/TAP device driver, 1.6
[    6.919310] tun: (C) 1999-2004 Max Krasnyansky <maxk@qualcomm.com>
[    6.932776] PPP generic driver version 2.4.2
[    6.943210] ehci_hcd: USB 2.0 'Enhanced' Host Controller (EHCI) Driver
[    6.956879] ehci-pci: EHCI PCI platform driver
[    6.972707] ehci-platform: EHCI generic platform driver
[    6.989668] ohci_hcd: USB 1.1 'Open' Host Controller (OHCI) Driver
[    7.002842] ohci-pci: OHCI PCI platform driver
[    7.013243] ohci-platform: OHCI generic platform driver
[    7.026558] uhci_hcd: USB Universal Host Controller Interface driver
[    7.040873] i8042: PNP: PS/2 Controller [PNP0303:PS2K,PNP0f03:PS2M] at 0x60,0x64 irq 1,12
[    7.064490] serio: i8042 KBD port at 0x60,0x64 irq 1
[    7.076343] serio: i8042 AUX port at 0x60,0x64 irq 12
[    7.088620] mousedev: PS/2 mouse device common for all mice
[    7.103548] rtc_cmos rtc_cmos: rtc core: registered rtc_cmos as rtc0
[    7.117675] input: AT Translated Set 2 keyboard as /devices/platform/i8042/serio0/input/input2
[    7.138253] rtc_cmos rtc_cmos: alarms up to one day, 114 bytes nvram
[    7.152612] i2c /dev entries driver
[    7.162174] device-mapper: uevent: version 1.0.3
[    7.173775] device-mapper: ioctl: 4.34.0-ioctl (2015-10-28) initialised: dm-devel@redhat.com
[    7.199226] ledtrig-cpu: registered to indicate activity on CPUs
[    7.215584] NET: Registered protocol family 10
[    7.227395] NET: Registered protocol family 17
[    7.238373] Key type dns_resolver registered
[    7.249841] microcode: CPU0 sig=0x206a7, pf=0x10, revision=0x0
[    7.273571] microcode: CPU1 sig=0x206a7, pf=0x10, revision=0x0
[    7.286810] microcode: CPU2 sig=0x206a7, pf=0x10, revision=0x0
[    7.299337] microcode: CPU3 sig=0x206a7, pf=0x10, revision=0x0
[    7.311934] microcode: Microcode Update Driver: v2.01 <tigran@aivazian.fsnet.co.uk>, Peter Oruba
[    7.338456] registered taskstats version 1
[    7.348148] Loading compiled-in X.509 certificates
[    7.359684] Loaded X.509 cert 'Build time autogenerated kernel key: b1a6ea8776bed2812c00d8a799f968274ef48628'
[    7.380369] zswap: loaded using pool lzo/zbud
[    7.394442] Key type trusted registered
[    7.420688] Key type encrypted registered
[    7.431320] AppArmor: AppArmor sha1 policy hashing enabled
[    7.458271] ima: No TPM chip found, activating TPM-bypass!
[    7.471702] evm: HMAC attrs: 0x1
[    7.483523]   Magic number: 5:113:127
[    7.496107] acpi device:02: hash matches
[    7.507575] rtc_cmos rtc_cmos: setting system clock to 2017-10-10 12:07:32 UTC (1507637252)
[    7.533736] BIOS EDD facility v0.16 2004-Jun-25, 0 devices found
[    7.547556] EDD information not available.
[    7.565808] Freeing unused kernel memory: 1492K
[    7.576523] Write protecting the kernel read-only data: 14336k
[    7.603506] Freeing unused kernel memory: 1748K
[    7.617958] Freeing unused kernel memory: 112K
Loading, please wait...
starting version 229
[    7.653118] random: udevadm: uninitialized urandom read (16 bytes read, 3 bits of entropy available)
[    7.654094] random: systemd-udevd: uninitialized urandom read (16 bytes read, 3 bits of entropy available)
[    7.654205] random: systemd-udevd: uninitialized urandom read (16 bytes read, 3 bits of entropy available)
[    7.654221] random: systemd-udevd: uninitialized urandom read (16 bytes read, 3 bits of entropy available)
[    7.654236] random: systemd-udevd: uninitialized urandom read (16 bytes read, 3 bits of entropy available)
[    7.842840] random: udevadm: uninitialized urandom read (16 bytes read, 3 bits of entropy available)
[    7.872213] random: udevadm: uninitialized urandom read (16 bytes read, 3 bits of entropy available)
[    7.917050] random: udevadm: uninitialized urandom read (16 bytes read, 3 bits of entropy available)
[    7.938631] random: udevadm: uninitialized urandom read (16 bytes read, 3 bits of entropy available)
[    7.960099] random: udevadm: uninitialized urandom read (16 bytes read, 3 bits of entropy available)
[    8.043369] e1000: Intel(R) PRO/1000 Network Driver - version 7.3.21-k8-NAPI
[    8.043380] Fusion MPT base driver 3.04.20
[    8.043380] Copyright (c) 1999-2008 LSI Corporation
[    8.124039] e1000: Copyright (c) 1999-2006 Intel Corporation.
[    8.163296] Fusion MPT SPI Host driver 3.04.20
[    8.190133] AVX version of gcm_enc/dec engaged.
[    8.201624] AES CTR mode by8 optimization enabled
[    8.435450] input: ImExPS/2 Generic Explorer Mouse as /devices/platform/i8042/serio1/input/input4
[    9.130033] e1000 0000:00:03.0 eth0: (PCI:33MHz:32-bit) 02:d1:58:fa:01:98
[    9.854023] e1000 0000:00:03.0 eth0: Intel(R) PRO/1000 Network Connection
[   11.077476] floppy0: no floppy controllers found
[   11.250852] e1000 0000:00:08.0 eth1: (PCI:33MHz:32-bit) 08:00:27:fa:64:e6
[   11.265226] e1000 0000:00:08.0 eth1: Intel(R) PRO/1000 Network Connection
[   11.283231] mptbase: ioc0: Initiating bringup
[   11.285762] e1000 0000:00:08.0 enp0s8: renamed from eth1
[   11.320971] e1000 0000:00:03.0 enp0s3: renamed from eth0
[   11.374499] ioc0: LSI53C1030 A0: Capabilities={Initiator}
[   11.573502] scsi host2: ioc0: LSI53C1030 A0, FwRev=00000000h, Ports=1, MaxQ=256, IRQ=20
[   11.702078] scsi 2:0:0:0: Direct-Access     VBOX     HARDDISK         1.0  PQ: 0 ANSI: 5
[   11.720080] scsi target2:0:0: Beginning Domain Validation
[   11.736368] scsi target2:0:0: Domain Validation skipping write tests
[   11.857944] scsi target2:0:0: Ending Domain Validation
[   11.869655] scsi target2:0:0: asynchronous
[   11.881323] scsi 2:0:1:0: Direct-Access     VBOX     HARDDISK         1.0  PQ: 0 ANSI: 5
[   11.899661] scsi target2:0:1: Beginning Domain Validation
[   11.915913] scsi target2:0:1: Domain Validation skipping write tests
[   11.929322] scsi target2:0:1: Ending Domain Validation
[   11.941337] scsi target2:0:1: asynchronous
[   11.978196] sd 2:0:0:0: [sda] 20971520 512-byte logical blocks: (10.7 GB/10.0 GiB)
[   11.978248] sd 2:0:0:0: Attached scsi generic sg0 type 0
[   11.979911] sd 2:0:1:0: Attached scsi generic sg1 type 0
[   11.979913] sd 2:0:1:0: [sdb] 20480 512-byte logical blocks: (10.5 MB/10.0 MiB)
[   11.981038] sd 2:0:1:0: [sdb] Write Protect is off
[   11.981766] sd 2:0:1:0: [sdb] Incomplete mode parameter data
[   11.981767] sd 2:0:1:0: [sdb] Assuming drive cache: write through
[   11.992006] sd 2:0:1:0: [sdb] Attached SCSI disk
[   12.111942] sd 2:0:0:0: [sda] Write Protect is off
[   12.124704] sd 2:0:0:0: [sda] Incomplete mode parameter data
[   12.143829] sd 2:0:0:0: [sda] Assuming drive cache: write through
[   12.162991]  sda: sda1
[   12.173766] sd 2:0:0:0: [sda] Attached SCSI disk
Begin: Loading essential drivers ... [   16.363023] md: linear personality registered for level -1
[   16.382548] md: multipath personality registered for level -4
[   16.401533] md: raid0 personality registered for level 0
[   16.420934] md: raid1 personality registered for level 1
[   16.512680] raid6: sse2x1   gen()  6835 MB/s
[   16.588658] raid6: sse2x1   xor()  4769 MB/s
[   16.668669] raid6: sse2x2   gen()  7668 MB/s
[   16.752616] raid6: sse2x2   xor()  6107 MB/s
[   16.828722] raid6: sse2x4   gen() 10731 MB/s
[   16.904677] raid6: sse2x4   xor()  7894 MB/s
[   16.914237] raid6: using algorithm sse2x4 gen() 10731 MB/s
[   16.925784] raid6: .... xor() 7894 MB/s, rmw enabled
[   16.936407] raid6: using ssse3x2 recovery algorithm
[   16.951227] xor: automatically using best checksumming function:
[   17.000597]    avx       : 16948.000 MB/sec
[   17.013963] async_tx: api initialized (async)
[   17.048341] md: raid6 personality registered for level 6
[   17.065107] md: raid5 personality registered for level 5
[   17.076390] md: raid4 personality registered for level 4
[   17.099520] md: raid10 personality registered for level 10
done.
Begin: Running /scripts/init-premount ... done.
Begin: Mounting root file system ... Begin: Running /scripts/local-top ... done.
Begin: Running /scripts/local-premount ... [   17.189740] Btrfs loaded
Scanning for Btrfs filesystems
done.
Warning: fsck not present, so skipping root file system
[   17.292483] EXT4-fs (sda1): mounted filesystem with ordered data mode. Opts: (null)
done.
Begin: Running /scripts/local-bottom ... done.
Begin: Running /scripts/init-bottom ... done.
[   17.506406] systemd[1]: systemd 229 running in system mode. (+PAM +AUDIT +SELINUX +IMA +APPARMOR +SMACK +SYSVINIT +UTMP +LIBCRYPTSETUP +GCRYPT +GNUTLS +ACL +XZ -LZ4 +SECCOMP +BLKID +ELFUTILS +KMOD -IDN)
[   17.552896] systemd[1]: Detected virtualization oracle.
[   17.564225] systemd[1]: Detected architecture x86-64.

Welcome to [1mUbuntu 16.04.3 LTS[0m!

[   17.587370] systemd[1]: Set hostname to <ubuntu>.
[   17.607301] systemd[1]: Initializing machine ID from random generator.
[   17.620773] systemd[1]: Installed transient /etc/machine-id file.
[   17.880684] systemd[1]: Listening on Journal Socket (/dev/log).
[[0;32m  OK  [0m] Listening on Journal Socket (/dev/log).
[   17.904468] systemd[1]: Listening on /dev/initctl Compatibility Named Pipe.
[[0;32m  OK  [0m] Listening on /dev/initctl Compatibility Named Pipe.
[   17.931862] systemd[1]: Reached target Swap.
[[0;32m  OK  [0m] Reached target Swap.
[   17.949932] systemd[1]: Listening on Device-mapper event daemon FIFOs.
[[0;32m  OK  [0m] Listening on Device-mapper event daemon FIFOs.
[   17.974689] systemd[1]: Listening on Journal Audit Socket.
[[0;32m  OK  [0m] Listening on Journal Audit Socket.
[   17.997538] systemd[1]: Started Trigger resolvconf update for networkd DNS.
[[0;32m  OK  [0m] Started Trigger resolvconf update for networkd DNS.
[   18.045351] systemd[1]: Listening on LVM2 metadata daemon socket.
[[0;32m  OK  [0m] Listening on LVM2 metadata daemon socket.
[   18.079393] systemd[1]: Created slice User and Session Slice.
[[0;32m  OK  [0m] Created slice User and Session Slice.
[   18.107957] systemd[1]: Reached target User and Group Name Lookups.
[[0;32m  OK  [0m] Reached target User and Group Name Lookups.
[   18.132955] systemd[1]: Created slice System Slice.
[[0;32m  OK  [0m] Created slice System Slice.
[   18.153500] systemd[1]: Reached target Slices.
[[0;32m  OK  [0m] Reached target Slices.
[   18.173372] systemd[1]: Created slice system-serial\x2dgetty.slice.
[[0;32m  OK  [0m] Created slice system-serial\x2dgetty.slice.
[   18.203485] systemd[1]: Listening on udev Control Socket.
[[0;32m  OK  [0m] Listening on udev Control Socket.
[   18.225751] systemd[1]: Listening on udev Kernel Socket.
[[0;32m  OK  [0m] Listening on udev Kernel Socket.
[   18.248252] systemd[1]: Started Forward Password Requests to Wall Directory Watch.
[[0;32m  OK  [0m] Started Forward Password Requests to Wall Directory Watch.
[   18.279215] systemd[1]: Listening on Syslog Socket.
[[0;32m  OK  [0m] Listening on Syslog Socket.
[   18.306210] systemd[1]: Listening on LVM2 poll daemon socket.
[[0;32m  OK  [0m] Listening on LVM2 poll daemon socket.
[   18.332719] systemd[1]: Set up automount Arbitrary Executable File Formats File System Automount Point.
[[0;32m  OK  [0m] Set up automount Arbitrary Executab...ats File System Automount Point.
[   18.365840] systemd[1]: Listening on Journal Socket.
[[0;32m  OK  [0m] Listening on Journal Socket.
[   18.397930] systemd[1]: Starting Monitoring of LVM2 mirrors, snapshots etc. using dmeventd or progress polling...
         Starting Monitoring of LVM2 mirrors... dmeventd or progress polling...
[   18.446959] systemd[1]: Starting Remount Root and Kernel File Systems...
[   18.457270] EXT4-fs (sda1): re-mounted. Opts: (null)
         Starting Remount Root and Kernel File Systems...
[   18.494944] systemd[1]: Mounting Huge Pages File System...
         Mounting Huge Pages File System...
[   18.523192] systemd[1]: Starting Set console keymap...
         Starting Set console keymap...
[   18.551216] systemd[1]: Starting Create list of required static device nodes for the current kernel...
         Starting Create list of required st... nodes for the current kernel...
[   18.593970] systemd[1]: Starting Load Kernel Modules...
         Starting Load Kernel Modules...
[   18.615409] Loading iSCSI transport class v2.0-870.
[   18.616993] systemd[1]: Starting Nameserver information manager...
         Starting Nameserver information manager...
[   18.651301] systemd[1]: Mounting Debug File System...
         Mounting Debug File System...
[   18.676014] systemd[1]: Reached target Encrypted Volumes.
[   18.690407] iscsi: registered transport (tcp)
[[0;32m  OK  [0m] Reached target Encrypted Volumes.
[   18.704479] random: nonblocking pool is initialized
[   18.729332] systemd[1]: Starting Journal Service...
         Starting Journal Service...
[   18.760004] systemd[1]: Starting Uncomplicated firewall...
         Starting Uncomplicated firewall...
[   18.784146] systemd[1]: Mounting POSIX Message Queue File System...
         Mounting POSIX Message Queue File System...
[   18.810429] systemd[1]: Mounted Huge Pages File System.
[[0;32m  OK  [0m] Mounted Huge Pages File System.
[   18.834631] systemd[1]: Mounted POSIX Message Queue File System.
[[0;32m  OK  [0m] Mounted POSIX Message Queue File System.
[   18.858677] systemd[1]: Mounted Debug File System.
[   18.873096] iscsi: registered transport (iser)
[[0;32m  OK  [0m] Mounted Debug File System.
[   18.887406] systemd[1]: Started Journal Service.
[[0;32m  OK  [0m] Started Journal Service.
[[0;32m  OK  [0m] Started Remount Root and Kernel File Systems.
[[0;32m  OK  [0m] Started Set console keymap.
[[0;32m  OK  [0m] Started Create list of required sta...ce nodes for the current kernel.
[[0;32m  OK  [0m] Started Load Kernel Modules.
[[0;32m  OK  [0m] Started Uncomplicated firewall.
[[0;32m  OK  [0m] Started Nameserver information manager.
[[0;32m  OK  [0m] Started LVM2 metadata daemon.
         Starting Apply Kernel Variables...
         Mounting FUSE Control File System...
         Starting Create Static Device Nodes in /dev...
         Starting Load/Save Random Seed...
         Starting udev Coldplug all Devices...
         Starting Initial cloud-init job (pre-networking)...
         Starting Flush Journal to Persistent Storage...
[[0;32m  OK  [0m] Mounted FUSE Control File System.
[[0;32m  OK  [0m] Started Apply Kernel Variables.
[[0;32m  OK  [0m] Started Create Static Device Nodes in /dev.
[[0;32m  OK  [0m] Started Load/Save Random Seed.
         Starting udev Kernel Device Manager...
[[0;32m  OK  [0m] Started Flush Journal to Persistent Storage.
[[0;32m  OK  [0m] Started udev Coldplug all Devices.
[[0;32m  OK  [0m] Started udev Kernel Device Manager.
[[0;32m  OK  [0m] Started Dispatch Password Requests to Console Directory Watch.
[[0;32m  OK  [0m] Found device /dev/ttyS0.
[[0;32m  OK  [0m] Started Monitoring of LVM2 mirrors,...ng dmeventd or progress polling.
[[0;32m  OK  [0m] Reached target Local File Systems (Pre).
[[0;32m  OK  [0m] Reached target Local File Systems.
[   18.418488] cloud-init[476]: Cloud-init v. 0.7.9 running 'init-local' at Tue, 10 Oct 2017 12:07:45 +0000. Up 17.89 seconds.
         Starting Set console font and keymap...
         Starting Commit a transient machine-id on disk...
         Starting LSB: AppArmor initialization...
         Starting Create Volatile Files and Directories...
         Starting Tell Plymouth To Write Out Runtime Data...
[[0;32m  OK  [0m] Listening on Load/Save RF Kill Switch Status /dev/rfkill Watch.
[[0;32m  OK  [0m] Started Commit a transient machine-id on disk.
[[0;32m  OK  [0m] Started Create Volatile Files and Directories.
[[0;32m  OK  [0m] Started Tell Plymouth To Write Out Runtime Data.
[[0;32m  OK  [0m] Started Initial cloud-init job (pre-networking).
[[0;32m  OK  [0m] Started Set console font and keymap.
[[0;32m  OK  [0m] Created slice system-getty.slice.
[[0;32m  OK  [0m] Reached target Network (Pre).
[[0;32m  OK  [0m] Reached target System Time Synchronized.
         Starting Update UTMP about System Boot/Shutdown...
[[0;32m  OK  [0m] Started Update UTMP about System Boot/Shutdown.
[[0;32m  OK  [0m] Started LSB: AppArmor initialization.
         Starting Raise network interfaces...
[[0;32m  OK  [0m] Started Raise network interfaces.
         Starting Initial cloud-init job (metadata service crawler)...
[[0;32m  OK  [0m] Reached target Network.
[   28.682762] cloud-init[982]: Cloud-init v. 0.7.9 running 'init' at Tue, 10 Oct 2017 12:07:55 +0000. Up 27.47 seconds.
[   28.707097] cloud-init[982]: ci-info: +++++++++++++++++++++++++++++++++++++Net device info++++++++++++++++++++++++++++++++++++++
[   28.733676] [cloud-init[982]: ci-info: +--------+-------+---------------------------+---------------+-------+-------------------+
[0;32m  OK  [0m] Started Initial cloud-init job (metadata service crawler).
[   28.736915] [cloud-init[0;32m  OK  [0m[982]: ] ci-info: | Device |   Up  |          Address          |      Mask     | Scope |     Hw-Address    |Reached target Network is Online.

[   28.789099] cloud-init[982]: ci-info: +--------+-------+---------------------------+---------------+-------+-------------------+
         [   28.806518] cloud-init[982]: ci-info: |   lo   |  True |         127.0.0.1         |   255.0.0.0   |   .   |         .         |
[   28.811618] cloud-init[982]: ci-info: |   lo   |  True |          ::1/128          |       .       |  host |         .         |
[   28.814685] cloud-init[982]: ci-info: | enp0s3 |  True |         10.0.2.15         | 255.255.255.0 |   .   | 02:d1:58:fa:01:98 |
[   28.817696] cloud-init[982]: ci-info: | enp0s3 |  True | fe80::d1:58ff:fefa:198/64 |       .       |  link | 02:d1:58:fa:01:98 |
[   28.817765] cloud-init[982]: ci-info: | enp0s8 | False |             .             |       .       |   .   | 08:00:27:fa:64:e6 |
[   28.817825] cloud-init[982]: ci-info: +--------+-------+---------------------------+---------------+-------+-------------------+
[   28.817898] cloud-init[982]: ci-info: +++++++++++++++++++++++++++Route IPv4 info++++++++++++++++++++++++++++
[   28.817964] cloud-init[982]: ci-info: +-------+-------------+----------+---------------+-----------+-------+
[   28.818015] cloud-init[982]: ci-info: | Route | Destination | Gateway  |    Genmask    | Interface | Flags |
Starting iSCSI initiator daemon (iscsid)...
[   28.818088] cloud-init[982]: ci-info: +-------+-------------+----------+---------------+-----------+-------+
[   28.946493] cloud-init[982]: ci-info: |   0   |   0.0.0.0   | 10.0.2.2 |    0.0.0.0    |   enp0s3  |   UG  |
[   28.947997] cloud-init[982]: ci-info: |   1   |   10.0.2.0  | 0.0.0.0  | 255.255.255.0 |   enp0s3  |   U   |
[   28.951266] cloud-init[982]: ci-info: +-------+-------------+----------+---------------+-----------+-------+
[   28.954396] cloud-init[982]: Generating public/private rsa key pair.
[   28.954464] cloud-init[982]: Your identification has been saved in /etc/ssh/ssh_host_rsa_key.
[   28.954511] cloud-init[982]: Your public key has been saved in /etc/ssh/ssh_host_rsa_key.pub.
[[0;32m  OK  [0m] Reached target Cloud-config availability.
[[   28.954575] cloud-init[982]: The key fingerprint is:
[   29.047197] cloud-init[982]: SHA256:5CTZVA0PV5NgD5UJQm16T3DbipdSZhfjyT/zNCAyLrU root@ubuntu-xenial
[   29.055642] cloud-init[982]: The key's randomart image is:
[0;32m  OK  [0m[   29.065740] cloud-init[982]: +---[RSA 2048]----+
[   29.075018] cloud-init[982]: |        .o*+*=++ |
] [   29.082227] cloud-init[982]: |       +   *=o=+ |
[   29.090075] cloud-initReached target System Initialization.
[982]: |      o +  o.o+o+|
[[   29.110504] cloud-init[982]: |       = +....*+o|
[   29.114814] cloud-init[982]: |        S +..B.+.|
[   29.116090] cloud-init[982]: |       . E  o =+o|
[   29.120635] cloud-init[982]: |        .    o .=|
[   29.123655] cloud-init[982]: |                .|
[   29.125150] cloud-init[982]: |                 |
[   29.126668] cloud-init[982]: +----[SHA256]-----+
[   29.129694] cloud-init[982]: Generating public/private dsa key pair.
[   29.131223] cloud-init[982]: Your identification has been saved in /etc/ssh/ssh_host_dsa_key.
[   29.134314] cloud-init[982]: Your public key has been saved in /etc/ssh/ssh_host_dsa_key.pub.
[   29.135803] cloud-init[982]: The key fingerprint is:
[   29.138843] cloud-init[982]: SHA256:0XDiecfQqPiQzX5QCKL+BDsVZ0HycbkZPfOA9hmUO6s root@ubuntu-xenial
[   29.140357] cloud-init[982]: The key's randomart image is:
[   29.145120] cloud-init[982]: +---[DSA 1024]----+
[0;32m  OK  [0m] [   29.151659] Started Timer to automatically refresh installed snaps.cloud-init
[982]: |    +.Bo+*++     |
[[0;32m  OK  [0m] Listening on UUID daemon activation socket.
[   29.151827] cloud-init[982]: |   . B +**Xo.    |
         [   29.250005] cloud-init[982]: |  o . .*+BoOo    |
[   29.262260] cloud-init[982]: | . +  + Bo=..    |Starting LXD - unix socket.

[[   29.270639] cloud-init[982]: [0;32m  OK  [0m|  + .  +S. o     |] 
[   29.291432] cloud-initStarted Daily apt download activities.
[[0;32m  OK  [0m] Started Daily Cleanup of Temporary Directories.
[982]: |   +    o o      |
[[   29.312987] cloud-init[982]: |    .    o       |[0;32m  OK  [0m
] Started Daily apt upgrade and clean activities.
[[0;32m  OK  [0m] Listening on D-Bus System Message Bus Socket.
[   29.322141] [[0;32m  OK  [0m] Listening on ACPID Listen Socket.
cloud-init[982]: |        E        |
[   29.404486] cloud-init[982]: |                 |
         [   29.422763] cloud-init[982]: +----[SHA256]-----+
[   29.427285] cloud-init[982]: Generating public/private ecdsa key pair.
[   29.428936] cloud-init[982]: Your identification has been saved in /etc/ssh/ssh_host_ecdsa_key.
[   29.433410] cloud-init[982]: Your public key has been saved in /etc/ssh/ssh_host_ecdsa_key.pub.
[   29.442318] cloud-init[982]: The key fingerprint is:
[   29.443817] cloud-init[982]: SHA256:JVLLkYpBwxKf9PC1aS/pfOlyNhjZQyjb0/ywbMOWj7Y root@ubuntu-xenial
[   29.448692] cloud-init[982]: The key's randomart image is:
[   29.451585] cloud-init[982]: +---[ECDSA 256]---+
[   29.453037] cloud-init[982]: |  .+=   +.       |
[   29.455935] cloud-init[982]: |  .oo* +.=       |
Starting Socket activation for snappy daemon.
[   29.456244] cloud-init[982]: |   .oo+.B..      |
[   29.510119] cloud-init[982]: |    . oo.=.      |
[[0;32m  OK  [0m] Started Timer to automatically fetch and run repair assertions.
[[   29.510172] cloud-init[982]: |       +S*.      |[0;32m  OK  [0m
[   29.543827] cloud-init[982]: |      .o=.*.     |
[   29.551376] cloud-init[982]: |        o*o*     |
[   29.553115] cloud-init[982]: |        oo&..    |
] Reached target Timers.
[   29.553164] cloud-init[982]: |         BE=.    |
[[0;32m  OK  [0m] Started ACPI Events Check.
[[0;32m  OK  [0m] Reached target Paths.
[   29.578683] cloud-init[982]: +----[SHA256]-----+
[   29.609260] cloud-init[982]: Generating public/private ed25519 key pair.
[[   29.622305] cloud-init[982]: Your identification has been saved in /etc/ssh/ssh_host_ed25519_key.
[   29.626971] cloud-init[982]: Your public key has been saved in /etc/ssh/ssh_host_ed25519_key.pub.
[   29.630143] cloud-init[982]: The key fingerprint is:
[   29.631681] cloud-init[982]: SHA256:k+xYb0JOaWlwXSwZpqe3wCkR39c+qPL6lWTUvndFVas root@ubuntu-xenial
[   29.633296] cloud-init[982]: The key's randomart image is:
[   29.633414] cloud-init[982]: +--[ED25519 256]--+
[   29.633466] cloud-init[982]: |      .   o+.   +|
[   29.633532] cloud-init[982]: |       o =o..o  o|
[0;32m  OK  [0m] Listening on LXD - unix socket.
[[   29.633581] cloud-init[0;32m  OK  [0m[982]: |      o + +.o o..|
] Listening on Socket activation for snappy daemon.
[   29.720137] cloud-init[982]: |       * B o +.. |
[[0;32m  OK  [0m] Started iSCSI initiator daemon (iscsid).
[   29.736029] cloud-init[982]: |      . S . +E+ .|
[   29.754880] cloud-init[982]: |       @ = = . o.|
[   29.769598] cloud-init[982]: |      . = = o . o|
[   29.785119] cloud-init[982]: |         = .   ..|
         [   29.797956] Starting Login to default iSCSI targets...cloud-init
[982]: |        .oo      |
[   29.816422] cloud-init[982]: +----[SHA256]-----+
[[0;32m  OK  [0m] Reached target Sockets.
[[0;32m  OK  [0m] Reached target Basic System.
[[0;32m  OK  [0m] Started Unattended Upgrades Shutdown.
         Starting Apply the settings specified in cloud-config...
         Starting Login Service...
[[0;32m  OK  [0m] Started FUSE filesystem for LXC.
         Starting LSB: MD monitoring daemon...
[[0;32m  OK  [0m] Started Regular background program processing daemon.
         Starting Pollinate to seed the pseudo random number generator...
[[0;32m  OK  [0m] Started D-Bus System Message Bus.
[[0;32m  OK  [0m] Started ACPI event daemon.
         Starting /etc/rc.local Compatibility...
         Starting LSB: Record successful boot for GRUB...
[[0;32m  OK  [0m] Started Deferred execution scheduler.
         Starting Snappy daemon...
         Starting Accounts Service...
         Starting System Logging Service...
         Starting LXD - container startup/shutdown...
[[0;32m  OK  [0m] Started /etc/rc.local Compatibility.
[[0;32m  OK  [0m] Started System Logging Service.
[[0;32m  OK  [0m] Started Login to default iSCSI targets.
[[0;32m  OK  [0m] Started LSB: MD monitoring daemon.
[[0;32m  OK  [0m] Started LSB: Record successful boot for GRUB.
[[0;32m  OK  [0m] Started Login Service.
         Starting Authenticate and Authorize Users to Run Privileged Tasks...
[[0;32m  OK  [0m] Reached target Remote File Systems (Pre).
[[0;32m  OK  [0m] Reached target Remote File Systems.
         Starting LSB: Set the CPU Frequency Scaling governor to "ondemand"...
         Starting Permit User Sessions...
         Starting LSB: daemon to balance interrupts for SMP systems...
         Starting LSB: automatic crash report generation...
         Starting LSB: VirtualBox Linux Additions...
[[0;32m  OK  [0m] Started Snappy daemon.
[   30.965604] cloud-init[1082]: Generating locales (this might take a while)...
[[0;32m  OK  [0m] Started Pollinate to seed the pseudo random number generator.
[[0;32m  OK  [0m] Started LXD - container startup/shutdown.
[[0;32m  OK  [0m] Started Permit User Sessions.
[[0;32m  OK  [0m] Started Authenticate and Authorize Users to Run Privileged Tasks.
[[0;32m  OK  [0m] Started Accounts Service.
[[0;32m  OK  [0m] Started LSB: Set the CPU Frequency Scaling governor to "ondemand".
         Starting Hold until boot process finishes up...
         Starting Terminate Plymouth Boot Screen...
         Starting OpenBSD Secure Shell server...
         Starting Auto import assertions from block devices...
[[0;32m  OK  [0m] Started OpenBSD Secure Shell server.
[[0;32m  OK  [0m] Started LSB: daemon to balance interrupts for SMP systems.
[[0;32m  OK  [0m] Started LSB: automatic crash report generation.
[[0;32m  OK  [0m] Started LSB: VirtualBox Linux Additions.
[[0;32m  OK  [0m] Started Hold until boot process finishes up.
[[0;32m  OK  [0m] Started Terminate Plymouth Boot Screen.
[[0;32m  OK  [0m] Started Auto import assertions from block devices.
[[0;32m  OK  [0m] Started Getty on tty1.
         Starting Set console scheme...
[[0;32m  OK  [0m] Started Serial Getty on ttyS0.
[[0;32m  OK  [0m] Reached target Login Prompts.
[[0;32m  OK  [0m] Reached target Multi-User System.
[[0;32m  OK  [0m] Reached target Graphical Interface.
         Starting Update UTMP about System Runlevel Changes...
[[0;32m  OK  [0m] Started Set console scheme.
[[0;32m  OK  [0m] Started Update UTMP about System Runlevel Changes.
[   32.498600] cloud-init[1082]:   en_US.UTF-8... done
[   32.509227] cloud-init[1082]: Generation complete.
         Stopping OpenBSD Secure Shell server...
[[0;32m  OK  [0m] Stopped OpenBSD Secure Shell server.
         Starting OpenBSD Secure Shell server...
[[0;32m  OK  [0m] Started OpenBSD Secure Shell server.
[[0;32m  OK  [0m] Created slice User Slice of ubuntu.
         Starting User Manager for UID 1000...
[[0;32m  OK  [0m] Started Session 1 of user ubuntu.
[   33.174954] cloud-init[1082]: Cloud-init v. 0.7.9 running 'modules:config' at Tue, 10 Oct 2017 12:07:58 +0000. Up 30.49 seconds.
[[0;32m  OK  [0m] Started User Manager for UID 1000.
[[0;32m  OK  [0m] Started Apply the settings specified in cloud-config.
         Starting Execute cloud user/final scripts...
ci-info: no authorized ssh keys fingerprints found for user ubuntu.
<14>Oct 10 12:08:01 ec2: 
<14>Oct 10 12:08:01 ec2: #############################################################
<14>Oct 10 12:08:01 ec2: -----BEGIN SSH HOST KEY FINGERPRINTS-----
<14>Oct 10 12:08:01 ec2: 1024 SHA256:0XDiecfQqPiQzX5QCKL+BDsVZ0HycbkZPfOA9hmUO6s root@ubuntu-xenial (DSA)
<14>Oct 10 12:08:01 ec2: 256 SHA256:JVLLkYpBwxKf9PC1aS/pfOlyNhjZQyjb0/ywbMOWj7Y root@ubuntu-xenial (ECDSA)
<14>Oct 10 12:08:01 ec2: 256 SHA256:k+xYb0JOaWlwXSwZpqe3wCkR39c+qPL6lWTUvndFVas root@ubuntu-xenial (ED25519)
<14>Oct 10 12:08:01 ec2: 2048 SHA256:5CTZVA0PV5NgD5UJQm16T3DbipdSZhfjyT/zNCAyLrU root@ubuntu-xenial (RSA)
<14>Oct 10 12:08:01 ec2: -----END SSH HOST KEY FINGERPRINTS-----
<14>Oct 10 12:08:01 ec2: #############################################################
-----BEGIN SSH HOST KEY KEYS-----
ecdsa-sha2-nistp256 AAAAE2VjZHNhLXNoYTItbmlzdHAyNTYAAAAIbmlzdHAyNTYAAABBBBcM/gd3QBwPFeHDlK5QBajaEDHrRPr82b3UeG67K0jEDuhD3YO9gYMA2wfeCRsIMHYWwGN50zVmfXX3ozw46ac= root@ubuntu-xenial
ssh-ed25519 AAAAC3NzaC1lZDI1NTE5AAAAIPIDeA/08P33G9lm8CdU4k6F78m7b+PNrNJ2WGepuVeK root@ubuntu-xenial
ssh-rsa AAAAB3NzaC1yc2EAAAADAQABAAABAQC9Fwp+t5/1BYQ+h0AZG0QaxwE2tHv59WuS9pL7yg9yXlInhwDPdtaRMOme4AUoczUx1z0DVCquQnhTJHDtQ1kAf8oDQiOHM90Aj3/feuMjVzzeeeOhYKSY79EcTEHYytGkhIXDtg95dnRlpKqeanlT+dNTVnwwoyEGPjSuENigirztaR8Quc8mZ9JH+F/pO27IDMu64F92l5AnAZguM62foNQUeeLuoLo4Srh+Os30wlq/GOBxzWJAwAlP/REoS4S6EWylKhMe27Wp2B7QKSp+XiN2y2uHwnN243aU8T9NKOXKBV2oakPsgBBL2pQo6dA63A9ZjDBrMRXjrNO5zGhD root@ubuntu-xenial
-----END SSH HOST KEY KEYS-----
[   34.187283] cloud-init[1377]: Cloud-init v. 0.7.9 running 'modules:final' at Tue, 10 Oct 2017 12:08:01 +0000. Up 33.66 seconds.
[   34.219037] cloud-init[1377]: ci-info: no authorized ssh keys fingerprints found for user ubuntu.
[[0;32m  OK  [0m] Started Execute cloud user/final scripts.
[[0;32m  OK  [0m[   34.251868] cloud-init] [1377]: Reached target Cloud-init target.Cloud-init v. 0.7.9 finished at Tue, 10 Oct 2017 12:08:01 +0000. Datasource DataSourceNoCloud [seed=/dev/sdb][dsmode=net].  Up 34.17 seconds


Ubuntu 16.04.3 LTS ubuntu-xenial ttyS0

ubuntu-xenial login: 